\BOOKMARK [0][-]{chapter.1}{\376\377\000I\000n\000t\000r\000o\000d\000u\000\347\000\343\000o}{}% 1
\BOOKMARK [1][-]{section.1.1}{\376\377\000M\000o\000t\000i\000v\000a\000\347\000\343\000o\000\040\000e\000\040\000O\000b\000j\000e\000t\000i\000v\000o\000s}{chapter.1}% 2
\BOOKMARK [1][-]{section.1.2}{\376\377\000V\000i\000s\000\343\000o\000\040\000G\000e\000r\000a\000l\000\040\000d\000a\000\040\000S\000o\000l\000u\000\347\000\343\000o}{chapter.1}% 3
\BOOKMARK [1][-]{section.1.3}{\376\377\000O\000r\000g\000a\000n\000i\000z\000a\000\347\000\343\000o\000\040\000d\000o\000\040\000D\000o\000c\000u\000m\000e\000n\000t\000o}{chapter.1}% 4
\BOOKMARK [0][-]{chapter.2}{\376\377\000E\000n\000q\000u\000a\000d\000r\000a\000m\000e\000n\000t\000o}{}% 5
\BOOKMARK [1][-]{section.2.1}{\376\377\000P\000r\000o\000b\000l\000e\000m\000a\000\040\000e\000\040\000C\000o\000n\000t\000e\000x\000t\000o\000\040\000d\000e\000\040\000A\000p\000l\000i\000c\000a\000\347\000\343\000o}{chapter.2}% 6
\BOOKMARK [1][-]{section.2.2}{\376\377\000T\000r\000a\000b\000a\000l\000h\000o\000\040\000R\000e\000l\000a\000c\000i\000o\000n\000a\000d\000o\000\040\000e\000\040\000S\000o\000l\000u\000\347\000\365\000e\000s\000\040\000S\000e\000m\000e\000l\000h\000a\000n\000t\000e\000s}{chapter.2}% 7
\BOOKMARK [1][-]{section.2.3}{\376\377\000J\000u\000s\000t\000i\000f\000i\000c\000a\000\347\000\343\000o\000\040\000d\000a\000\040\000S\000o\000l\000u\000\347\000\343\000o\000\040\000P\000r\000o\000p\000o\000s\000t\000a}{chapter.2}% 8
\BOOKMARK [0][-]{chapter.3}{\376\377\000A\000r\000q\000u\000i\000t\000e\000t\000u\000r\000a\000\040\000d\000a\000\040\000S\000o\000l\000u\000\347\000\343\000o}{}% 9
\BOOKMARK [1][-]{section.3.1}{\376\377\000V\000i\000s\000\343\000o\000\040\000G\000l\000o\000b\000a\000l\000\040\000d\000a\000\040\000A\000r\000q\000u\000i\000t\000e\000t\000u\000r\000a}{chapter.3}% 10
\BOOKMARK [1][-]{section.3.2}{\376\377\000A\000r\000q\000u\000i\000t\000e\000t\000u\000r\000a\000\040\000d\000o\000\040\000F\000r\000o\000n\000t\000e\000n\000d}{chapter.3}% 11
\BOOKMARK [1][-]{section.3.3}{\376\377\000A\000r\000q\000u\000i\000t\000e\000t\000u\000r\000a\000\040\000d\000o\000\040\000B\000a\000c\000k\000e\000n\000d}{chapter.3}% 12
\BOOKMARK [1][-]{section.3.4}{\376\377\000P\000e\000r\000s\000i\000s\000t\000\352\000n\000c\000i\000a\000\040\000d\000e\000\040\000D\000a\000d\000o\000s}{chapter.3}% 13
\BOOKMARK [1][-]{section.3.5}{\376\377\000C\000o\000m\000u\000n\000i\000c\000a\000\347\000\343\000o\000\040\000e\000n\000t\000r\000e\000\040\000F\000r\000o\000n\000t\000e\000n\000d\000\040\000e\000\040\000B\000a\000c\000k\000e\000n\000d}{chapter.3}% 14
\BOOKMARK [1][-]{section.3.6}{\376\377\000C\000o\000n\000s\000i\000d\000e\000r\000a\000\347\000\365\000e\000s\000\040\000s\000o\000b\000r\000e\000\040\000a\000\040\000A\000r\000q\000u\000i\000t\000e\000t\000u\000r\000a\000\040\000A\000t\000u\000a\000l}{chapter.3}% 15
\BOOKMARK [0][-]{chapter.4}{\376\377\000I\000m\000p\000l\000e\000m\000e\000n\000t\000a\000\347\000\343\000o\000\040\000d\000o\000\040\000S\000i\000s\000t\000e\000m\000a}{}% 16
\BOOKMARK [1][-]{section.4.1}{\376\377\000O\000r\000g\000a\000n\000i\000z\000a\000\347\000\343\000o\000\040\000F\000u\000n\000c\000i\000o\000n\000a\000l\000\040\000d\000a\000\040\000A\000p\000l\000i\000c\000a\000\347\000\343\000o}{chapter.4}% 17
\BOOKMARK [1][-]{section.4.2}{\376\377\000G\000e\000s\000t\000\343\000o\000\040\000d\000e\000\040\000U\000t\000i\000l\000i\000z\000a\000d\000o\000r\000e\000s\000\040\000e\000\040\000P\000e\000r\000f\000i\000s}{chapter.4}% 18
\BOOKMARK [1][-]{section.4.3}{\376\377\000G\000e\000s\000t\000\343\000o\000\040\000d\000e\000\040\000D\000i\000s\000p\000o\000n\000i\000b\000i\000l\000i\000d\000a\000d\000e\000s}{chapter.4}% 19
\BOOKMARK [1][-]{section.4.4}{\376\377\000G\000e\000s\000t\000\343\000o\000\040\000d\000e\000\040\000R\000e\000s\000t\000r\000i\000\347\000\365\000e\000s}{chapter.4}% 20
\BOOKMARK [1][-]{section.4.5}{\376\377\000A\000s\000s\000o\000c\000i\000a\000\347\000\343\000o\000\040\000e\000n\000t\000r\000e\000\040\000A\000l\000u\000n\000o\000s\000\040\000e\000\040\000P\000r\000o\000f\000e\000s\000s\000o\000r\000e\000s}{chapter.4}% 21
\BOOKMARK [1][-]{section.4.6}{\376\377\000C\000r\000i\000a\000\347\000\343\000o\000\040\000d\000e\000\040\000P\000r\000o\000p\000o\000s\000t\000a\000s\000\040\000d\000e\000\040\000H\000o\000r\000\341\000r\000i\000o}{chapter.4}% 22
\BOOKMARK [1][-]{section.4.7}{\376\377\000V\000i\000s\000u\000a\000l\000i\000z\000a\000\347\000\343\000o\000\040\000d\000o\000\040\000H\000o\000r\000\341\000r\000i\000o\000\040\000C\000r\000i\000a\000d\000o}{chapter.4}% 23
\BOOKMARK [1][-]{section.4.8}{\376\377\000I\000n\000t\000e\000g\000r\000a\000\347\000\343\000o\000\040\000P\000r\000o\000g\000r\000e\000s\000s\000i\000v\000a\000\040\000c\000o\000m\000\040\000o\000\040\000B\000a\000c\000k\000e\000n\000d}{chapter.4}% 24
\BOOKMARK [0][-]{chapter.5}{\376\377\000B\000a\000c\000k\000e\000n\000d\000\040\000e\000\040\000A\000P\000I}{}% 25
\BOOKMARK [1][-]{section.5.1}{\376\377\000E\000s\000c\000o\000l\000h\000a\000\040\000T\000e\000c\000n\000o\000l\000\363\000g\000i\000c\000a}{chapter.5}% 26
\BOOKMARK [1][-]{section.5.2}{\376\377\000E\000s\000t\000r\000u\000t\000u\000r\000a\000\040\000d\000o\000\040\000B\000a\000c\000k\000e\000n\000d}{chapter.5}% 27
\BOOKMARK [1][-]{section.5.3}{\376\377\000M\000o\000d\000e\000l\000o\000\040\000d\000e\000\040\000P\000e\000r\000s\000i\000s\000t\000\352\000n\000c\000i\000a\000\040\000n\000o\000\040\000B\000a\000c\000k\000e\000n\000d}{chapter.5}% 28
\BOOKMARK [1][-]{section.5.4}{\376\377\000A\000P\000I\000\040\000R\000E\000S\000T\000\040\000I\000m\000p\000l\000e\000m\000e\000n\000t\000a\000d\000a}{chapter.5}% 29
\BOOKMARK [1][-]{section.5.5}{\376\377\000C\000r\000i\000a\000\347\000\343\000o\000\040\000d\000e\000\040\000H\000o\000r\000\341\000r\000i\000o\000s\000\040\000n\000o\000\040\000B\000a\000c\000k\000e\000n\000d}{chapter.5}% 30
\BOOKMARK [1][-]{section.5.6}{\376\377\000V\000a\000l\000i\000d\000a\000\347\000\343\000o\000\040\000c\000o\000m\000\040\000P\000o\000s\000t\000m\000a\000n}{chapter.5}% 31
\BOOKMARK [1][-]{section.5.7}{\376\377\000I\000n\000t\000e\000g\000r\000a\000\347\000\343\000o\000\040\000c\000o\000m\000\040\000a\000\040\000A\000p\000l\000i\000c\000a\000\347\000\343\000o\000\040\000A\000n\000d\000r\000o\000i\000d}{chapter.5}% 32
\BOOKMARK [1][-]{section.5.8}{\376\377\000S\000\355\000n\000t\000e\000s\000e\000\040\000d\000o\000\040\000E\000s\000t\000a\000d\000o\000\040\000A\000t\000u\000a\000l\000\040\000d\000o\000\040\000B\000a\000c\000k\000e\000n\000d}{chapter.5}% 33
\BOOKMARK [0][-]{chapter.6}{\376\377\000T\000e\000s\000t\000e\000s\000\040\000e\000\040\000V\000a\000l\000i\000d\000a\000\347\000\343\000o}{}% 34
\BOOKMARK [1][-]{section.6.1}{\376\377\000T\000e\000s\000t\000e\000s\000\040\000U\000n\000i\000t\000\341\000r\000i\000o\000s}{chapter.6}% 35
\BOOKMARK [1][-]{section.6.2}{\376\377\000V\000a\000l\000i\000d\000a\000\347\000\343\000o\000\040\000d\000o\000\040\000B\000a\000c\000k\000e\000n\000d\000\040\000c\000o\000m\000\040\000P\000o\000s\000t\000m\000a\000n}{chapter.6}% 36
\BOOKMARK [1][-]{section.6.3}{\376\377\000T\000e\000s\000t\000e\000s\000\040\000F\000u\000n\000c\000i\000o\000n\000a\000i\000s\000\040\000d\000a\000\040\000A\000p\000l\000i\000c\000a\000\347\000\343\000o\000\040\000A\000n\000d\000r\000o\000i\000d}{chapter.6}% 37
\BOOKMARK [1][-]{section.6.4}{\376\377\000V\000a\000l\000i\000d\000a\000\347\000\343\000o\000\040\000d\000a\000\040\000C\000r\000i\000a\000\347\000\343\000o\000\040\000d\000e\000\040\000H\000o\000r\000\341\000r\000i\000o\000s}{chapter.6}% 38
\BOOKMARK [1][-]{section.6.5}{\376\377\000I\000n\000t\000e\000g\000r\000a\000\347\000\343\000o\000\040\000e\000\040\000V\000a\000l\000i\000d\000a\000\347\000\343\000o\000\040\000P\000r\000o\000g\000r\000e\000s\000s\000i\000v\000a}{chapter.6}% 39
\BOOKMARK [1][-]{section.6.6}{\376\377\000S\000\355\000n\000t\000e\000s\000e\000\040\000d\000o\000s\000\040\000R\000e\000s\000u\000l\000t\000a\000d\000o\000s\000\040\000O\000b\000t\000i\000d\000o\000s}{chapter.6}% 40
\BOOKMARK [0][-]{chapter.7}{\376\377\000E\000s\000t\000u\000d\000o\000\040\000E\000x\000p\000l\000o\000r\000a\000t\000\363\000r\000i\000o\000\040\000c\000o\000m\000\040\000L\000a\000r\000g\000e\000\040\000L\000a\000n\000g\000u\000a\000g\000e\000\040\000M\000o\000d\000e\000l\000s\000\040\000\050\000L\000L\000M\000s\000\051\000\040\000p\000a\000r\000a\000\040\000I\000n\000t\000e\000r\000p\000r\000e\000t\000a\000\347\000\343\000o\000\040\000d\000e\000\040\000D\000i\000s\000p\000o\000n\000i\000b\000i\000l\000i\000d\000a\000d\000e\000s}{}% 41
\BOOKMARK [1][-]{section.7.1}{\376\377\000M\000o\000d\000e\000l\000o\000s\000\040\000e\000\040\000F\000e\000r\000r\000a\000m\000e\000n\000t\000a\000s\000\040\000A\000v\000a\000l\000i\000a\000d\000o\000s}{chapter.7}% 42
\BOOKMARK [1][-]{section.7.2}{\376\377\000R\000e\000s\000u\000l\000t\000a\000d\000o\000s\000\040\000O\000b\000t\000i\000d\000o\000s\000\040\000c\000o\000m\000\040\000O\000C\000R\000\040\000e\000\040\000M\000u\000l\000t\000i\000m\000o\000d\000a\000l\000i\000d\000a\000d\000e}{chapter.7}% 43
\BOOKMARK [2][-]{subsection.7.2.1}{\376\377\000A\000v\000a\000l\000i\000a\000\347\000\343\000o\000\040\000d\000o\000\040\000G\000L\000M\000-\000O\000C\000R\000\040\000\050\000q\0008\000\137\0000\000\051}{section.7.2}% 44
\BOOKMARK [2][-]{subsection.7.2.2}{\376\377\000A\000v\000a\000l\000i\000a\000\347\000\343\000o\000\040\000d\000o\000\040\000Q\000w\000e\000n\0002\000.\0005\000-\000V\000L\000\040\000\050\0003\000b\000\051}{section.7.2}% 45
\BOOKMARK [1][-]{section.7.3}{\376\377\000E\000s\000t\000a\000d\000o\000\040\000A\000t\000u\000a\000l\000\040\000d\000a\000\040\000C\000o\000m\000p\000o\000n\000e\000n\000t\000e\000\040\000d\000e\000\040\000\301\000u\000d\000i\000o}{chapter.7}% 46
\BOOKMARK [1][-]{section.7.4}{\376\377\000P\000r\000o\000p\000o\000s\000t\000a\000\040\000d\000e\000\040\000I\000n\000t\000e\000g\000r\000a\000\347\000\343\000o\000\040\000n\000o\000\040\000P\000r\000o\000j\000e\000t\000o}{chapter.7}% 47
\BOOKMARK [1][-]{section.7.5}{\376\377\000S\000\355\000n\000t\000e\000s\000e\000\040\000d\000o\000\040\000E\000s\000t\000u\000d\000o}{chapter.7}% 48
\BOOKMARK [0][-]{chapter.8}{\376\377\000E\000s\000t\000a\000d\000o\000\040\000A\000t\000u\000a\000l\000\040\000d\000a\000\040\000B\000e\000t\000a\000\040\000e\000\040\000P\000r\000\363\000x\000i\000m\000o\000s\000\040\000P\000a\000s\000s\000o\000s}{}% 49
\BOOKMARK [1][-]{section.8.1}{\376\377\000F\000u\000n\000c\000i\000o\000n\000a\000l\000i\000d\000a\000d\000e\000s\000\040\000C\000o\000n\000c\000l\000u\000\355\000d\000a\000s\000\040\000n\000a\000\040\000V\000e\000r\000s\000\343\000o\000\040\000B\000e\000t\000a}{chapter.8}% 50
\BOOKMARK [1][-]{section.8.2}{\376\377\000E\000s\000t\000a\000d\000o\000\040\000d\000a\000\040\000I\000n\000t\000e\000g\000r\000a\000\347\000\343\000o\000\040\000d\000o\000\040\000S\000i\000s\000t\000e\000m\000a}{chapter.8}% 51
\BOOKMARK [1][-]{section.8.3}{\376\377\000L\000i\000m\000i\000t\000a\000\347\000\365\000e\000s\000\040\000A\000t\000u\000a\000i\000s}{chapter.8}% 52
\BOOKMARK [1][-]{section.8.4}{\376\377\000P\000r\000\363\000x\000i\000m\000o\000s\000\040\000P\000a\000s\000s\000o\000s}{chapter.8}% 53
\BOOKMARK [1][-]{section.8.5}{\376\377\000B\000a\000l\000a\000n\000\347\000o\000\040\000d\000a\000\040\000V\000e\000r\000s\000\343\000o\000\040\000B\000e\000t\000a}{chapter.8}% 54
\BOOKMARK [0][-]{chapter.9}{\376\377\000C\000o\000n\000c\000l\000u\000s\000\365\000e\000s}{}% 55
\BOOKMARK [0][-]{chapter*.5}{\376\377\000R\000e\000f\000e\000r\000\352\000n\000c\000i\000a\000s}{}% 56
